// Jest Snapshot v1, https://goo.gl/fbAQLP

exports[`Formbooking Component renders the booking form 1`] = `ShallowWrapper {}`;
